node.exe :  ΓÜá Linting is disabled.
At C:\Users\kobe4\AppData\Roaming\npm\npx.ps1:24 
char:5
+     & "node$exe"  
"$basedir/node_modules/npm/bin/npx-cli.js" $args
+     ~~~~~~~~~~~~~~~~~~~~~~~~~~~~~~~~~~~~~~~~~~~~
~~~~~~~~~~~~~~~~~~
    + CategoryInfo          : NotSpecified: ( ΓÜá 
    Linting is disabled.:String) [], RemoteExcep  
  tion
    + FullyQualifiedErrorId : NativeCommandError
 
   Γû▓ Next.js 15.3.2
   - Environments: .env.local, .env

   Creating an optimized production build ...
 Γ£ô Compiled successfully in 3.0s
   Checking validity of types ...
   Collecting page data ...
 ΓÜá Using edge runtime on a page currently 
disables static generation for that page
   Generating static pages (0/24) ...
   Generating static pages (6/24) 
   Generating static pages (12/24) 
   Generating static pages (18/24) 
 Γ£ô Generating static pages (24/24)
   Finalizing page optimization ...
   Collecting build traces ...

Route (app)                                 Size  First Load JS
Γöî Γùï /                                    3.33 kB         150 kB
Γö£ Γùï /_not-found                            981 B         103 kB
Γö£ ╞Æ /[city]-gutters                        167 B         102 kB
Γö£ ΓùÅ /[slug]                              5.18 kB         119 kB
Γö£   Γöö /lacombe
Γö£ Γùï /about                                 979 B         148 kB
Γö£ ╞Æ /api/checkServiceArea                  167 B         102 kB
Γö£ ╞Æ /api/contact                           167 B         102 kB
Γö£ ╞Æ /api/job-application                   167 B         102 kB
Γö£ ╞Æ /api/quote-request                     167 B         102 kB
Γö£ ╞Æ /api/test-mail                         167 B         102 kB
Γö£ Γùï /apple-icon.png                          0 B            0 B
Γö£ Γùï /contact                             5.22 kB         116 kB
Γö£ Γùï /faq                                 1.49 kB         103 kB
Γö£ Γùï /gallery                             6.88 kB         166 kB
Γö£ Γùï /icon0.svg                               0 B            0 B
Γö£ Γùï /icon1.png                               0 B            0 B
Γö£ Γùï /manifest.json                           0 B            0 B
Γö£ Γùï /owners                                186 B         111 kB
Γö£ Γùï /reviews                               175 B         105 kB
Γö£ Γùï /robots.txt                            167 B         102 kB
Γö£ Γùï /service-areas                       6.93 kB         124 kB
Γö£ Γùï /services                            6.27 kB         129 kB
Γö£ Γùï /sitemap.xml                           167 B         102 kB
Γöö Γùï /why-us                              1.59 kB         143 kB
+ First Load JS shared by all             102 kB
  Γö£ chunks/1684-8b7f83e60201118c.js      45.9 kB
  Γö£ chunks/4bd1b696-2eafac80a195d732.js  53.2 kB
  Γöö other shared chunks (total)          2.77 kB


╞Æ Middleware                             33.6 kB

Γùï  (Static)   prerendered as static content
ΓùÅ  (SSG)      prerendered as static HTML (uses generateStaticParams)
╞Æ  (Dynamic)  server-rendered on demand

